
Session altered.


Session altered.


Session altered.


***************************** CREATION USER  *****************************


Session altered.

specify password for FindSW as parameter 1:

specify default tablespeace for FindSW as parameter 2:

specify temporary tablespace for FindSW as parameter 3:

specify password for SYS as parameter 4:

specify log path as parameter 5:

specify connect string as parameter 6:


User dropped.


User created.

ALTER USER SET DEFAUT TABLE

User altered.

ALTER USER GIVE A TEMPORARY TABLESSPACE

User altered.

GRAND ACESS CREATE VIEW, ALTER SESSION, CREATE SEQUENCE TO FindSW

Grant succeeded.

GRANT CREATE SESSION, CREATE VIEW, ALTER SESSION, CREATE SEQUENCE TO FindSW

Grant succeeded.

Connecté.

Autorisation de privilèges (GRANT) acceptée.

Connecté.

***************************** CREATION SEQUENCE  *****************************


Session altered.


Session altered.


***************************** SEQUENCE CREATION FOR FOOD SCHEMA *****************************


***************************** CREATION OF THE ADMIN SEQUENCE *****************************


Sequence created.


***************************** CREATION OF THE USER SEQUENCE *****************************


Sequence created.


***************************** CREATION OF THE ORDERS SEQUENCE *****************************


Sequence created.


***************************** CREATION OF THE NOTE SEQUENCE *****************************

SP2-0310: unable to open file "Object/Constraints/Constraints_Sequence/sequence_note.sql"

***************************** CREATION OF THE CONFIG SEQUENCE *****************************


Sequence created.


***************************** CREATION OF THE PANIER SEQUENCE *****************************


Sequence created.


***************************** CREATION OF THE RESTAURANT SEQUENCE *****************************


Sequence created.


***************************** CREATION OF THE CUSTOMERS SEQUENCE *****************************


Sequence created.


***************************** CREATION OF THE MENU SEQUENCE *****************************


Sequence created.


***************************** CREATION OF THE DISH SEQUENCE *****************************


Sequence created.


***************************** CREATION OF THE GARNISH SEQUENCE *****************************


Sequence created.


***************************** CREATION OF THE SECULANT SEQUENCE *****************************


Sequence created.


***************************** CREATION TABLE  *****************************


Session altered.


Session altered.


***************************** TABLE CREATION FOR FOOD SCHEMA *****************************


***************************** CREATION OF THE ADMIN TABLE *****************************


Table created.


***************************** CREATION OF THE USER TABLE *****************************


Table created.


***************************** CREATION OF THE RESTAURANT TABLE *****************************


Table created.


***************************** CREATION OF THE CUSTOMERS TABLE *****************************


Table created.


***************************** CREATION OF THE MENU TABLE *****************************


Table created.


***************************** CREATION OF THE DISH TABLE *****************************


Table created.


***************************** CREATION OF THE GARNISH TABLE *****************************


Table created.


***************************** CREATION OF THE SECULANT TABLE *****************************


Table created.


***************************** CREATION OF THE ORDERS TABLE *****************************


Table created.


***************************** CREATION OF THE PANIER TABLE *****************************


Table created.


***************************** CREATION OF THE NOTE TABLE *****************************

    Valeur   INT         NOT NULL
    *
ERROR at line 5:
ORA-00907: missing right parenthesis



***************************** CREATION OF THE CONFIG TABLE *****************************


Table created.


***************************** CREATION OF THE CHOIX TABLE *****************************


Table created.


***************************** CREATION INDEX  *****************************


Session altered.


Session altered.


***************************** INDEX CREATION FOR FOOD SCHEMA *****************************


***************************** CREATION OF THE ADMIN INDEX *****************************


Index created.


***************************** CREATION OF THE USER INDEX *****************************


Index created.


***************************** CREATION OF THE RESTAURANT INDEX *****************************


Index created.


***************************** CREATION OF THE CUSTOMERS INDEX *****************************


Index created.


***************************** CREATION OF THE MENU INDEX *****************************


Index created.


***************************** CREATION OF THE DISH INDEX *****************************


Index created.


***************************** CREATION OF THE GARNISH INDEX *****************************


Index created.


***************************** CREATION OF THE SECULANT INDEX *****************************


Index created.


***************************** CREATION OF THE ORDERS INDEX *****************************


Index created.


***************************** CREATION OF THE PANIER INDEX *****************************


Index created.


***************************** CREATION OF THE NOTE INDEX *****************************

SP2-0310: unable to open file "Object/Constraints/Constraints_Index/index_note.sql"

***************************** CREATION OF THE CONFIG INDEX *****************************


Index created.


***************************** CREATION UNIQUE  *****************************


Session altered.


Session altered.


***************************** UNIQUE CREATION FOR FOOD SCHEMA *****************************


***************************** CREATION OF THE ADMIN UNIQUE *****************************


Table altered.


***************************** CREATION OF THE USER UNIQUE *****************************


Table altered.


***************************** CREATION OF THE RESTAURANT UNIQUE *****************************


Table altered.


***************************** CREATION OF THE CUSTOMERS UNIQUE *****************************


Table altered.


Table altered.


***************************** CREATION OF THE DISH UNIQUE *****************************


Table altered.


***************************** CREATION OF THE GARNISH UNIQUE *****************************


Table altered.


***************************** CREATION OF THE SECULANT UNIQUE *****************************


Table altered.


***************************** CREATION PRIMARY KEY  *****************************


Session altered.


Session altered.


***************************** CONSTRAINT CREATION FOR FOOD SCHEMA *****************************


********************************************** PRIMARY KEY *******************************************


***************************** CONSTRAINT PRIMARY KEY OF THE ADMIN TABLE *****************************


Table altered.


***************************** CONSTRAINT PRIMARY KEY OF THE USER TABLE *****************************


Table altered.


***************************** CONSTRAINT PRIMARY KEY OF THE RESTAURANT TABLE *****************************


Table altered.


***************************** CONSTRAINT PRIMARY KEY OF THE CUSTOMERS TABLE *****************************


Table altered.


***************************** CONSTRAINT PRIMARY KEY OF THE MENU TABLE *****************************


Table altered.


***************************** CONSTRAINT PRIMARY KEY OF THE DISH TABLE *****************************


Table altered.


***************************** CONSTRAINT PRIMARY KEY OF THE GARNISH TABLE *****************************


Table altered.


***************************** CONSTRAINT PRIMARY KEY OF THE SECULANT TABLE *****************************


Table altered.


***************************** CONSTRAINT PRIMARY KEY OF THE ORDERS TABLE *****************************


Table altered.


***************************** CONSTRAINT PRIMARY KEY OF THE PANIER TABLE *****************************


Table altered.


***************************** CONSTRAINT PRIMARY KEY OF THE NOTE TABLE *****************************

SP2-0310: unable to open file "Object/Constraints/Constraints_PK/PK_note.sql"

***************************** CONSTRAINT PRIMARY KEY OF THE CONFIG TABLE *****************************


Table altered.


***************************** CREATION FOREIGN KEY  *****************************


Session altered.


Session altered.


***************************** CONSTRAINT CREATION FOR FOOD SCHEMA *****************************


*********************************************FOREIGN KEY**********************************************


***************************** CONSTRAINT FOREIGN KEY OF THE CUSTOMERS TABLE *****************************


Table altered.


***************************** CONSTRAINT FOREIGN KEY OF THE MENU TABLE *****************************


Table altered.


Table altered.


Table altered.


Table altered.


Table altered.


***************************** CONSTRAINT FOREIGN KEY OF THE ORDERS TABLE *****************************


Table altered.


***************************** CONSTRAINT  FOREIGN KEY OF THE RESTAURANT TABLE *****************************


Table altered.


***************************** CONSTRAINT FOREIGN KEY OF THE NOTE TABLE *****************************

ALTER TABLE Note
*
ERROR at line 1:
ORA-00942: table or view does not exist


ALTER TABLE Note
*
ERROR at line 1:
ORA-00942: table or view does not exist



***************************** CONSTRAINT  FOREIGN KEY OF THE PANIER TABLE *****************************


Table altered.


***************************** CONSTRAINT  FOREIGN KEY OF THE CHOIX TABLE *****************************


Table altered.


Table altered.


***************************** CREATION CHECK  *****************************


Session altered.


Session altered.


***************************** CHECK CREATION FOR FOOD SCHEMA *****************************


***************************** CREATION OF THE ADMIN CHECK *****************************


Table altered.


***************************** CREATION OF THE USER CHECK *****************************


Table altered.


***************************** CREATION OF THE RESTAURANT CHECK *****************************


Table altered.


***************************** CREATION OF THE CUSTOMERS CHECK *****************************


Table altered.


***************************** CREATION OF THE MENU CHECK *****************************


Table altered.


***************************** CREATION OF THE NOTE CHECK *****************************

ALTER TABLE Note
*
ERROR at line 1:
ORA-00942: table or view does not exist



***************************** CREATION OF THE CONFIG CHECK *****************************


Table altered.


***************************** CREATION OF THE CHOIX CHECK *****************************


Table altered.


*******************************************************************FOOD*************************************************************************


***************************** CREATE FUNCTION  *****************************


Session altered.


Session altered.


***************************** FUNCTION FOOD SCHEMA *****************************


***************************** FUNCTION  ENCRYPT_PASSWORD *****************************


Function created.


***************************** FUNCTION CALCUL *****************************


Function created.


***************************** FUNCTION CUSTOMERS *****************************


Function created.


Function created.


***************************** FUNCTION ID GARNISH *****************************


Function created.


***************************** FUNCTION ID SECULANT *****************************


Function created.


***************************** FUNCTION ID DISH *****************************


Function created.


***************************** FUNCTION ID RESTAURANT *****************************


Function created.


Function created.


***************************** FUNCTION ID MENU *****************************


Function created.


***************************** FUNCTION ID USER *****************************


Function created.


Function created.


***************************** FUNCTION ID USER *****************************


Function created.


***************************** FUNCTION NAME RESTAU *****************************


Function created.


***************************** POPULATE TABLE  *****************************


Session altered.


Session altered.


***************************** POPULATING FOOD SCHEMA *****************************


***************************** POPULATING ADMIN TABLE *****************************


1 row created.


1 row created.


1 row created.


1 row created.


1 row created.


1 row created.


1 row created.


1 row created.


1 row created.


1 row created.


1 row created.


***************************** POPULATING USER TABLE *****************************


1 row created.


1 row created.


1 row created.


1 row created.


1 row created.


1 row created.


1 row created.


1 row created.


1 row created.


1 row created.


1 row created.


1 row created.


1 row created.


1 row created.


1 row created.


1 row created.


***************************** POPULATING DISH TABLE *****************************


1 row created.


1 row created.


1 row created.


1 row created.


1 row created.


1 row created.


1 row created.


1 row created.


1 row created.


1 row created.


1 row created.


1 row created.


1 row created.


1 row created.


1 row created.


1 row created.


1 row created.


1 row created.


1 row created.


1 row created.


1 row created.


1 row created.


1 row created.


1 row created.


1 row created.


1 row created.


1 row created.


1 row created.


1 row created.


1 row created.


1 row created.


1 row created.


1 row created.


1 row created.


1 row created.


1 row created.


1 row created.


1 row created.


1 row created.


1 row created.


1 row created.


1 row created.


1 row created.


1 row created.


1 row created.


1 row created.


1 row created.


1 row created.


1 row created.


1 row created.


1 row created.


1 row created.


1 row created.


1 row created.


1 row created.


1 row created.


1 row created.


***************************** POPULATING GARNISH TABLE *****************************


1 row created.


1 row created.


1 row created.


1 row created.


1 row created.


1 row created.


1 row created.


1 row created.


1 row created.


1 row created.


1 row created.


1 row created.


1 row created.


1 row created.


1 row created.


1 row created.


1 row created.


1 row created.


1 row created.


1 row created.


1 row created.


1 row created.


1 row created.


1 row created.


1 row created.


1 row created.


1 row created.


1 row created.


1 row created.


1 row created.


1 row created.


1 row created.


1 row created.


1 row created.


1 row created.


1 row created.


1 row created.


1 row created.


1 row created.


1 row created.


1 row created.


1 row created.


1 row created.


1 row created.


1 row created.


1 row created.


1 row created.


1 row created.


1 row created.


***************************** POPULATING SECULANT TABLE *****************************


1 row created.


1 row created.


1 row created.


1 row created.


1 row created.


1 row created.


1 row created.


1 row created.


1 row created.


1 row created.


1 row created.


1 row created.


1 row created.


1 row created.


1 row created.


1 row created.


1 row created.


***************************** POPULATING CONFIG TABLE *****************************


1 row created.


1 row created.


1 row created.


1 row created.


1 row created.


1 row created.


1 row created.


1 row created.


1 row created.


1 row created.


***************************** POPULATING CUSTOMERS TABLE *****************************


1 row created.


1 row created.


1 row created.


1 row created.


1 row created.


1 row created.


1 row created.


1 row created.


1 row created.


1 row created.


1 row created.


1 row created.


1 row created.


1 row created.


1 row created.


1 row created.


***************************** POPULATING RESTAURANT TABLE *****************************


1 row created.


1 row created.


1 row created.


1 row created.


1 row created.


1 row created.


1 row created.


1 row created.


1 row created.


1 row created.


1 row created.


1 row created.


1 row created.


1 row created.


1 row created.


1 row created.


1 row created.


1 row created.


1 row created.


1 row created.


1 row created.


1 row created.


1 row created.


1 row created.


1 row created.


1 row created.


1 row created.


1 row created.


1 row created.


1 row created.


1 row created.


1 row created.


1 row created.


1 row created.


1 row created.


1 row created.


1 row created.


1 row created.


1 row created.


1 row created.


1 row created.


1 row created.


1 row created.


1 row created.


1 row created.


1 row created.


1 row created.


1 row created.


1 row created.


1 row created.


***************************** POPULATING NOTE TABLE *****************************

INSERT INTO  Note  (
             *
ERROR at line 1:
ORA-00942: table or view does not exist


INSERT INTO  Note  (
             *
ERROR at line 1:
ORA-00942: table or view does not exist


INSERT INTO  Note  (
             *
ERROR at line 1:
ORA-00942: table or view does not exist


INSERT INTO  Note  (
             *
ERROR at line 1:
ORA-00942: table or view does not exist


INSERT INTO  Note  (
             *
ERROR at line 1:
ORA-00942: table or view does not exist


INSERT INTO  Note  (
             *
ERROR at line 1:
ORA-00942: table or view does not exist


INSERT INTO  Note  (
             *
ERROR at line 1:
ORA-00942: table or view does not exist


INSERT INTO  Note  (
             *
ERROR at line 1:
ORA-00942: table or view does not exist


INSERT INTO  Note (
             *
ERROR at line 1:
ORA-00942: table or view does not exist


INSERT INTO Note (
            *
ERROR at line 1:
ORA-00942: table or view does not exist


INSERT INTO Note (
            *
ERROR at line 1:
ORA-00942: table or view does not exist


INSERT INTO Note (
            *
ERROR at line 1:
ORA-00942: table or view does not exist


INSERT INTO Note (
            *
ERROR at line 1:
ORA-00942: table or view does not exist


INSERT INTO Note (
            *
ERROR at line 1:
ORA-00942: table or view does not exist


INSERT INTO Note (
            *
ERROR at line 1:
ORA-00942: table or view does not exist


INSERT INTO Note (
            *
ERROR at line 1:
ORA-00942: table or view does not exist



***************************** POPULATING MENU TABLE *****************************


1 row created.


1 row created.


1 row created.


1 row created.


1 row created.


1 row created.


1 row created.


1 row created.


1 row created.


1 row created.


1 row created.


1 row created.


1 row created.


1 row created.


1 row created.


1 row created.


***************************** POPULATING PANIER TABLE *****************************


1 row created.


1 row created.


1 row created.


1 row created.


1 row created.


1 row created.


1 row created.


1 row created.


1 row created.


1 row created.


1 row created.


1 row created.


1 row created.


1 row created.


1 row created.


1 row created.


***************************** POPULATING CHOIX TABLE *****************************


1 row created.


1 row created.


1 row created.


1 row created.


1 row created.


1 row created.


1 row created.


1 row created.


1 row created.


***************************** POPULATING ORDERS TABLE *****************************


1 row created.


1 row created.


1 row created.


1 row created.


1 row created.


1 row created.


1 row created.


1 row created.


1 row created.


1 row created.


1 row created.


1 row created.


1 row created.


1 row created.


1 row created.


1 row created.


1 row created.


1 row created.


1 row created.


1 row created.


1 row created.


1 row created.


1 row created.


1 row created.


1 row created.


1 row created.


1 row created.


1 row created.


1 row created.


1 row created.


1 row created.


1 row created.


1 row created.


1 row created.


1 row created.


1 row created.


1 row created.


1 row created.


1 row created.


1 row created.


1 row created.


1 row created.


1 row created.


1 row created.


1 row created.


1 row created.


1 row created.


1 row created.


1 row created.


1 row created.


*******************************************************************FOOD*************************************************************************


***************************** CREATE PROCEDURE  *****************************


Procedure created.


Procedure created.


Procedure created.


Procedure created.


Procedure created.




****      *********  *********    	        *********   **********  **********  ***********       ****      ***      ***
******     **      ** **      **   	        **      **  **          ***         ***********      ******     ***      ***
**    **    *********  *********     	        *********   **********  **********      ***         **    **    ***      ***
**********   **         **                      **   **     **********         ***      ***        **********   ***      ***
**        **  **         **         	        **    **    **          **********      ***       **        **  ************
**          ** **         **         	        **     **   **********  **********      ***      **          ** ************





